Frissítési hiba (nem kritikus): HTTP Error 404: Not Found
